# fixture: 01-brief-only

extracted: ['demo_step']

brief:    'Filter one sample.'
body:     []
params:   []
dirs:     {}
returns:  ''
examples: []
tags:     []

rendered:
        """Filter one sample.

        Parameters
        ----------
        x : float
            Input.

        Returns
        -------
        float
            Output.
        """
