# fixture: 10-inline-nonword-refs

extracted: ['demo_step']

brief:    'Clamped to +/-10^(clip_db/20) on overflow.'
body:     []
params:   [('x', 'BLUE type "A" is ASCII; returns -1 on error.')]
dirs:     {}
returns:  ''
examples: []
tags:     []

rendered:
        """Clamped to +/-10^(clip_db/20) on overflow.

        Parameters
        ----------
        x : float
            BLUE type "A" is ASCII; returns -1 on error.

        Returns
        -------
        float
            Output.
        """
