# fixture: 11-block-tags-no-blank-line

extracted: ['demo_step']

brief:    'Filter one sample.'
body:     []
params:   [('x', 'Input sample.')]
dirs:     {}
returns:  'The filtered sample.'
examples: []
tags:     [('note', 'Not reentrant.'), ('warning', 'Overflows above unity.'), ('see', 'demo_reset')]

rendered:
        """Filter one sample.

        Parameters
        ----------
        x : float
            Input sample.

        Returns
        -------
        float
            The filtered sample.

        See Also
        --------
        demo_reset

        Notes
        -----
        Not reentrant.

        Warnings
        --------
        Overflows above unity.
        """
