# fixture: 13-backslash-commands

extracted: ['demo_step']

brief:    'Compute the thing.'
body:     []
params:   [('gain', 'Linear gain.')]
dirs:     {}
returns:  'The result.'
examples: []
tags:     []

rendered:
        """Compute the thing.

        Parameters
        ----------
        gain : float
            Linear gain.

        Returns
        -------
        float
            The result.
        """
