# fixture: 14-param-direction

extracted: ['demo_step']

brief:    'Compute the thing.'
body:     []
params:   [('x', 'Input sample.'), ('y', 'Output sample.'), ('st', 'Running state.')]
dirs:     {'x': 'in', 'y': 'out', 'st': 'in,out'}
returns:  ''
examples: []
tags:     []

rendered:
        """Compute the thing.

        Parameters
        ----------
        x : float
            Input sample.
        y : float
            Output sample.
        st : float
            Running state.

        Returns
        -------
        float
            Output.
        """
