# fixture: 15-note-warning-see

extracted: ['demo_step']

brief:    'Do it.'
body:     []
params:   []
dirs:     {}
returns:  ''
examples: []
tags:     [('note', 'Not thread safe.'), ('warning', 'Overflows above 1.0.'), ('see', 'demo_other'), ('sa', 'demo_another')]

rendered:
        """Do it.

        Parameters
        ----------
        x : float
            Input.

        Returns
        -------
        float
            Output.

        See Also
        --------
        demo_other
        demo_another

        Notes
        -----
        Not thread safe.

        Warnings
        --------
        Overflows above 1.0.
        """
