# fixture: 16-retval

extracted: ['demo_try']

brief:    'Try it.'
body:     []
params:   []
dirs:     {}
returns:  ''
examples: []
tags:     [('retval', '0   Success.'), ('retval', '-1  Failure.')]

rendered:
        """Try it.

        Parameters
        ----------
        x : float
            Input.

        Returns
        -------
        float
            Output.
        0
            Success.
        -1
            Failure.
        """
