# fixture: 17-throws

extracted: ['demo_alloc']

brief:    'Allocate the thing.'
body:     []
params:   []
dirs:     {}
returns:  ''
examples: []
tags:     [('throws', 'ValueError if n is zero.'), ('exception', 'MemoryError on allocation failure.')]

rendered:
        """Allocate the thing.

        Parameters
        ----------
        x : float
            Input.

        Returns
        -------
        float
            Output.

        Raises
        ------
        ValueError
            if n is zero.
        MemoryError
            on allocation failure.
        """
