# fixture: 19-deprecated-since

extracted: ['demo_old']

brief:    'Old entry point.'
body:     []
params:   []
dirs:     {}
returns:  ''
examples: []
tags:     [('deprecated', 'Use demo_step() instead.'), ('since', '1.2'), ('version', '3')]

rendered:
        """Old entry point.

        .. deprecated::
           Use demo_step() instead.

        Parameters
        ----------
        x : float
            Input.

        Returns
        -------
        float
            Output.
        """
