# fixture: 19-deprecated-since

extracted: ['demo_old']

brief:    'Old entry point. @deprecated Use demo_step() instead. @since 1.2 @version 3'
body:     []
params:   []
dirs:     {}
returns:  ''
examples: []
tags:     []

rendered:
        """Old entry point. @deprecated Use demo_step() instead. @since 1.2 @version 3

        Parameters
        ----------
        x : float
            Input.

        Returns
        -------
        float
            Output.
        """
