# fixture: 21-li-arg

extracted: ['demo_step']

brief:    'Available modes.'
body:     []
params:   []
dirs:     {}
returns:  ''
examples: []
tags:     [('li', 'fast  - low quality'), ('li', 'slow  - high quality'), ('arg', 'auto - pick at runtime')]

rendered:
        """Available modes.

        Parameters
        ----------
        x : float
            Input.

        Returns
        -------
        float
            Output.
        """
