# fixture: 22-par-section

extracted: ['demo_step']

brief:    'Thing.'
body:     []
params:   []
dirs:     {}
returns:  ''
examples: []
tags:     [('par', 'Performance Runs in O(n) with no allocation.'), ('section', 'usage Usage Call it once per block.')]

rendered:
        """Thing.

        Parameters
        ----------
        x : float
            Input.

        Returns
        -------
        float
            Output.
        """
