# fixture: 23-tparam-ingroup-copydoc

extracted: ['demo_step']

brief:    'Real documentation.'
body:     []
params:   []
dirs:     {}
returns:  ''
examples: []
tags:     [('ingroup', 'filters'), ('tparam', 'T element type'), ('copydoc', 'demo_other')]

rendered:
        """Real documentation.

        Parameters
        ----------
        x : float
            Input.

        Returns
        -------
        float
            Output.
        """
