# fixture: 24-verbatim

extracted: ['demo_step']

brief:    'Buffer layout.'
body:     []
params:   []
dirs:     {}
returns:  ''
examples: []
tags:     [('verbatim', '+---+---+ | I | Q | +---+---+'), ('endverbatim', '')]

rendered:
        """Buffer layout.

        Parameters
        ----------
        x : float
            Input.

        Returns
        -------
        float
            Output.
        """
