# fixture: 25-math

extracted: ['demo_gain']

brief:    'Gain in dB: :math:`20\\log_{10}(g)`.'
body:     []
params:   [('g', 'Linear gain, :math:`g > 0`.')]
dirs:     {}
returns:  ''
examples: []
tags:     []

rendered:
        r"""Gain in dB: :math:`20\log_{10}(g)`.

        Parameters
        ----------
        g : float
            Linear gain, :math:`g > 0`.

        Returns
        -------
        float
            Output.
        """
