# fixture: 32-line-leading-inline-ref

extracted: ['demo_step']

brief:    'Filter one sample.'
body:     ['demo_reset is the counterpart; x is consumed in place.']
params:   []
dirs:     {}
returns:  ''
examples: []
tags:     []

rendered:
        """Filter one sample.

        demo_reset is the counterpart; x is consumed in place.

        Parameters
        ----------
        x : float
            Input.

        Returns
        -------
        float
            Output.
        """
