# fixture: 33-indented-commands

extracted: ['demo_step']

brief:    'Filter one sample.'
body:     []
params:   [('x', 'Input sample, tag indented under the block.')]
dirs:     {}
returns:  'The filtered sample.'
examples: []
tags:     []

rendered:
        """Filter one sample.

        Parameters
        ----------
        x : float
            Input sample, tag indented under the block.

        Returns
        -------
        float
            The filtered sample.
        """
